========================================================================
유쾌한생각 리코 재고 모니터링 시작 | Ctrl+C 로 종료
확인 상품: 4개
확인 주기: 10초 이상
429 백오프: 10분 0초 이상
외부 알림: Slack
========================================================================

[2026-06-09 11:18:08] #1 확인 중
  [1/4] [유쾌한생각] 품절 유쾌한생각 - [RICOH] 리코 GR IV GR4 카메라 하이엔드 컴팩트 | ENP_VAR.soldOut=Y, sto_state NORMAL=0/SOLDOUT=1
  [2/4] [유쾌한생각] 품절 유쾌한생각 - [RICOH] 리코 GR III GR3 스트리트 에디션 Street 컴팩트 카메라 | ENP_VAR.soldOut=Y, sto_state NORMAL=0/SOLDOUT=1
  [3/4] [유쾌한생각] 품절 유쾌한생각 - [RICOH] 리코 GR III GR3 다이어리 에디션 Diary 컴팩트 카메라 | ENP_VAR.soldOut=Y, sto_state NORMAL=0/SOLDOUT=1
  [4/4] [유쾌한생각] 품절 유쾌한생각 - [RICOH] 리코 GR IV GR4 카메라 외장 플래시 세트 | ENP_VAR.soldOut=Y, sto_state NORMAL=0/SOLDOUT=1
[2026-06-09 11:18:18] 다음 확인까지 약 11.6초 대기

[2026-06-09 11:18:29] #2 확인 중
  [1/4] [유쾌한생각] 품절 유쾌한생각 - [RICOH] 리코 GR IV GR4 카메라 하이엔드 컴팩트 | ENP_VAR.soldOut=Y, sto_state NORMAL=0/SOLDOUT=1
  [2/4] [유쾌한생각] 품절 유쾌한생각 - [RICOH] 리코 GR III GR3 스트리트 에디션 Street 컴팩트 카메라 | ENP_VAR.soldOut=Y, sto_state NORMAL=0/SOLDOUT=1
  [3/4] [유쾌한생각] 품절 유쾌한생각 - [RICOH] 리코 GR III GR3 다이어리 에디션 Diary 컴팩트 카메라 | ENP_VAR.soldOut=Y, sto_state NORMAL=0/SOLDOUT=1
  [4/4] [유쾌한생각] 품절 유쾌한생각 - [RICOH] 리코 GR IV GR4 카메라 외장 플래시 세트 | ENP_VAR.soldOut=Y, sto_state NORMAL=0/SOLDOUT=1
[2026-06-09 11:18:49] 다음 확인까지 약 10.8초 대기

[2026-06-09 11:18:59] #3 확인 중
  [1/4] [유쾌한생각] 품절 유쾌한생각 - [RICOH] 리코 GR IV GR4 카메라 하이엔드 컴팩트 | ENP_VAR.soldOut=Y, sto_state NORMAL=0/SOLDOUT=1
  [2/4] [유쾌한생각] 품절 유쾌한생각 - [RICOH] 리코 GR III GR3 스트리트 에디션 Street 컴팩트 카메라 | ENP_VAR.soldOut=Y, sto_state NORMAL=0/SOLDOUT=1
  [3/4] [유쾌한생각] 품절 유쾌한생각 - [RICOH] 리코 GR III GR3 다이어리 에디션 Diary 컴팩트 카메라 | ENP_VAR.soldOut=Y, sto_state NORMAL=0/SOLDOUT=1
  [4/4] [유쾌한생각] 품절 유쾌한생각 - [RICOH] 리코 GR IV GR4 카메라 외장 플래시 세트 | ENP_VAR.soldOut=Y, sto_state NORMAL=0/SOLDOUT=1
[2026-06-09 11:19:10] 다음 확인까지 약 11.6초 대기

[2026-06-09 11:19:22] #4 확인 중
  [1/4] [유쾌한생각] 품절 유쾌한생각 - [RICOH] 리코 GR IV GR4 카메라 하이엔드 컴팩트 | ENP_VAR.soldOut=Y, sto_state NORMAL=0/SOLDOUT=1
  [2/4] [유쾌한생각] 품절 유쾌한생각 - [RICOH] 리코 GR III GR3 스트리트 에디션 Street 컴팩트 카메라 | ENP_VAR.soldOut=Y, sto_state NORMAL=0/SOLDOUT=1
  [3/4] [유쾌한생각] 품절 유쾌한생각 - [RICOH] 리코 GR III GR3 다이어리 에디션 Diary 컴팩트 카메라 | ENP_VAR.soldOut=Y, sto_state NORMAL=0/SOLDOUT=1
  [4/4] [유쾌한생각] 품절 유쾌한생각 - [RICOH] 리코 GR IV GR4 카메라 외장 플래시 세트 | ENP_VAR.soldOut=Y, sto_state NORMAL=0/SOLDOUT=1
[2026-06-09 11:19:32] 다음 확인까지 약 14.2초 대기

[2026-06-09 11:19:47] #5 확인 중
  [1/4] [유쾌한생각] 품절 유쾌한생각 - [RICOH] 리코 GR IV GR4 카메라 하이엔드 컴팩트 | ENP_VAR.soldOut=Y, sto_state NORMAL=0/SOLDOUT=1
  [2/4] [유쾌한생각] 품절 유쾌한생각 - [RICOH] 리코 GR III GR3 스트리트 에디션 Street 컴팩트 카메라 | ENP_VAR.soldOut=Y, sto_state NORMAL=0/SOLDOUT=1
  [3/4] [유쾌한생각] 품절 유쾌한생각 - [RICOH] 리코 GR III GR3 다이어리 에디션 Diary 컴팩트 카메라 | ENP_VAR.soldOut=Y, sto_state NORMAL=0/SOLDOUT=1
  [4/4] [유쾌한생각] 품절 유쾌한생각 - [RICOH] 리코 GR IV GR4 카메라 외장 플래시 세트 | ENP_VAR.soldOut=Y, sto_state NORMAL=0/SOLDOUT=1
[2026-06-09 11:19:58] 다음 확인까지 약 11.8초 대기
